Test message
Message 1
Message 2
